Microchip MPLAB XC8 Compiler V2.10 ()

Linker command line:

-W-3 --edf=G:\Softwares\XC8\pic\dat\en_msgs.txt -cs \
  -h+dist/default/production\faultDetectionV1.X.production.sym \
  --cmf=dist/default/production\faultDetectionV1.X.production.cmf -z \
  -Q16F877A -oC:\Users\hp\AppData\Local\Temp\s89k.2 \
  --defsym=__MPLAB_BUILD=1 \
  -Mdist/default/production/faultDetectionV1.X.production.map -E1 -ver=XC8 \
  --acfsm=1493 -ASTACK=0110h-016Fh -pstack=STACK -ACODE=00h-07FFhx4 \
  -ASTRCODE=00h-01FFFh -ASTRING=00h-0FFhx32 -ACONST=00h-0FFhx32 \
  -AENTRY=00h-0FFhx32 -ACOMMON=070h-07Fh -ABANK0=020h-06Fh \
  -ABANK1=0A0h-0EFh -ABANK2=0110h-016Fh -ABANK3=0190h-01EFh \
  -ARAM=020h-06Fh,0A0h-0EFh,0110h-016Fh,0190h-01EFh \
  -AABS1=020h-07Fh,0A0h-0EFh,0110h-016Fh,0190h-01EFh -ASFR0=00h-01Fh \
  -ASFR1=080h-09Fh -ASFR2=0100h-010Fh -ASFR3=0180h-018Fh \
  -preset_vec=00h,intentry,init,end_init -ppowerup=CODE -pcinit=CODE \
  -pfunctab=ENTRY -ACONFIG=02007h-02007h -pconfig=CONFIG -DCONFIG=2 \
  -AIDLOC=02000h-02003h -pidloc=IDLOC -DIDLOC=2 -AEEDATA=00h-0FFh/02100h \
  -peeprom_data=EEDATA -DEEDATA=2 -DCODE=2 -DSTRCODE=2 -DSTRING=2 -DCONST=2 \
  -DENTRY=2 -k C:\Users\hp\AppData\Local\Temp\s89k.o \
  dist/default/production\faultDetectionV1.X.production.o 

Object code version is 3.11

Machine type is 16F877A



                Name                               Link     Load   Length Selector   Space Scale
C:\Users\hp\AppData\Local\Temp\s89k.o
                end_init                              0        0        3        0       0
dist/default/production\faultDetectionV1.X.production.o
                cinit                               7FC      7FC        4      FF8       0
                text18                              C13      C13        9     1826       0
                text17                              CAC      CAC       2A     1958       0
                text16                              C29      C29       13     1852       0
                text15                              C1C      C1C        D     1838       0
                text14                                3        3       13        0       0
                text13                              D2F      D2F       67     1A5E       0
                text12                              CD6      CD6       59     19AC       0
                text11                              C60      C60       25     18C0       0
                text10                              E12      E12       93     1C24       0
                text9                               C85      C85       27     190A       0
                text8                               49B      49B      361      936       0
                text7                               203      203      298      406       0
                text6                               C3C      C3C       24     1878       0
                text5                               D96      D96       7C     1B2C       0
                text4                                41       41       BC       82       0
                text3                               F47      F47       B9     1E8E       0
                text2                                16       16       2B       2C       0
                text1                               EA5      EA5       A2     1D4A       0
                maintext                             FD       FD      106      1FA       0
                cstackBANK0                          20       20       4D       20       1
                cstackCOMMON                         70       70        E       70       1
                cstackBANK1                          A0       A0        A       A0       1

TOTAL           Name                               Link     Load   Length     Space
        CLASS   STACK          

        CLASS   CODE           
                end_init                              0        0        3         0
                cinit                               7FC      7FC        4         0
                text18                              C13      C13        9         0
                text17                              CAC      CAC       2A         0
                text16                              C29      C29       13         0
                text15                              C1C      C1C        D         0
                text14                                3        3       13         0
                text13                              D2F      D2F       67         0
                text12                              CD6      CD6       59         0
                text11                              C60      C60       25         0
                text10                              E12      E12       93         0
                text9                               C85      C85       27         0
                text8                               49B      49B      361         0
                text7                               203      203      298         0
                text6                               C3C      C3C       24         0
                text5                               D96      D96       7C         0
                text4                                41       41       BC         0
                text3                               F47      F47       B9         0
                text2                                16       16       2B         0
                text1                               EA5      EA5       A2         0
                maintext                             FD       FD      106         0

        CLASS   STRCODE        

        CLASS   STRING         

        CLASS   CONST          

        CLASS   ENTRY          

        CLASS   COMMON         
                cstackCOMMON                         70       70        E         1

        CLASS   BANK0          
                cstackBANK0                          20       20       4D         1

        CLASS   BANK1          
                cstackBANK1                          A0       A0        A         1

        CLASS   BANK2          

        CLASS   BANK3          

        CLASS   RAM            

        CLASS   ABS1           
                abs_s1                               7E       7E        2         1

        CLASS   SFR0           

        CLASS   SFR1           

        CLASS   SFR2           

        CLASS   SFR3           

        CLASS   CONFIG         

        CLASS   IDLOC          

        CLASS   EEDATA         



SEGMENTS        Name                           Load    Length   Top    Selector   Space  Class     Delta

                reset_vec                      000000  000016  000016         0       0  CODE        2
                cstackBANK0                    000020  00004D  00006D        20       1  BANK0       1
                text2                          000016  00002B  000041        2C       0  CODE        2
                cstackCOMMON                   000070  00000E  00007E        70       1  COMMON      1
                text4                          000041  0000BC  0000FD        82       0  CODE        2
                cstackBANK1                    0000A0  00000A  0000AA        A0       1  BANK1       1
                maintext                       0000FD  000106  000203       1FA       0  CODE        2
                text7                          000203  000298  00049B       406       0  CODE        2
                text8                          00049B  000361  0007FC       936       0  CODE        2
                cinit                          0007FC  000004  000800       FF8       0  CODE        2
                text18                         000C13  000009  000C1C      1826       0  CODE        2
                text15                         000C1C  00000D  000C29      1838       0  CODE        2
                text16                         000C29  000013  000C3C      1852       0  CODE        2
                text6                          000C3C  000024  000C60      1878       0  CODE        2
                text11                         000C60  000025  000C85      18C0       0  CODE        2
                text9                          000C85  000027  000CAC      190A       0  CODE        2
                text17                         000CAC  00002A  000CD6      1958       0  CODE        2
                text12                         000CD6  000059  000D2F      19AC       0  CODE        2
                text13                         000D2F  000067  000D96      1A5E       0  CODE        2
                text5                          000D96  00007C  000E12      1B2C       0  CODE        2
                text10                         000E12  000093  000EA5      1C24       0  CODE        2
                text1                          000EA5  0000A2  000F47      1D4A       0  CODE        2
                text3                          000F47  0000B9  001000      1E8E       0  CODE        2


UNUSED ADDRESS RANGES

        Name                Unused          Largest block    Delta
        BANK0            006D-006F              3           1
        BANK1            00AA-00EF             46           1
        BANK2            0110-016F             60           1
        BANK3            0190-01EF             60           1
        CODE             0800-0C12            413           2
                         1000-1FFF            800
        CONFIG           2007-2007              1           2
        CONST            0800-0C12            100           2
                         1000-1FFF            100
        EEDATA           2100-21FF            100           2
        ENTRY            0800-0C12            100           2
                         1000-1FFF            100
        IDLOC            2000-2003              4           2
        RAM              006D-006F              3           1
                         00AA-00EF             46
                         0110-016F             60
                         0190-01EF             60
        SFR0             0000-001F             20           1
        SFR1             0080-009F             20           1
        SFR2             0100-010F             10           1
        SFR3             0180-018F             10           1
        STACK            0110-016F             60           1
        STRCODE          0800-0C12            413           2
                         1000-1FFF           1000
        STRING           0800-0C12            100           2
                         1000-1FFF            100

                                  Symbol Table

?_ADC_Read                cstackCOMMON 0070
?__Umul8_16               cstackCOMMON 0070
?___awdiv                 cstackCOMMON 0070
?___awmod                 cstackCOMMON 0070
?___fladd                 cstackCOMMON 0070
?___flmul                 cstackBANK0  0047
?___flsub                 cstackBANK0  0028
?___fltol                 cstackBANK0  0030
?___wmul                  cstackCOMMON 0070
?___xxtofl                cstackBANK0  0039
ADC_Read@channel          cstackCOMMON 0074
Lcd_Cmd@a                 cstackCOMMON 0072
Lcd_Print_Char@data       cstackCOMMON 0072
Lcd_Print_Float@decimal   cstackBANK0  0065
Lcd_Print_Float@integer   cstackBANK0  0069
Lcd_Print_Float@value     cstackBANK0  0061
Lcd_Print_Num@num         cstackBANK0  0039
Lcd_Print_Num@rem         cstackBANK0  003B
Lcd_Print_Num@reverse     cstackBANK0  003F
Lcd_Print_Num@temp        cstackBANK0  003D
_ADCON0                   (abs)        001F
_ADCON1                   (abs)        009F
_ADC_Init                 text18       0C13
_ADC_Read                 text17       0CAC
_ADRESH                   (abs)        001E
_ADRESL                   (abs)        009E
_GO_nDONE                 (abs)        00FA
_Lcd_Clear                text15       0C1C
_Lcd_Cmd                  text16       0C29
_Lcd_Print_Char           text14       0003
_Lcd_Print_Float          text3        0F47
_Lcd_Print_Num            text10       0E12
_Lcd_Start                text2        0016
_PORTB                    (abs)        0006
_RC0                      (abs)        0038
_RC2                      (abs)        003A
_RD0                      (abs)        0040
_TRISB                    (abs)        0086
_TRISC                    (abs)        0087
_TRISD                    (abs)        0088
__Habs1                   abs1         0000
__Hbank0                  bank0        0000
__Hbank1                  bank1        0000
__Hbank2                  bank2        0000
__Hbank3                  bank3        0000
__Hcinit                  cinit        0800
__Hclrtext                clrtext      0000
__Hcode                   code         0000
__Hcommon                 common       0000
__Hconfig                 config       0000
__HcstackBANK0            cstackBANK0  0000
__HcstackBANK1            cstackBANK1  0000
__HcstackCOMMON           cstackCOMMON 0000
__Heeprom_data            eeprom_data  0000
__Hend_init               end_init     0003
__Hfunctab                functab      0000
__Hidloc                  idloc        0000
__Hinit                   init         0000
__Hintentry               intentry     0000
__Hmaintext               maintext     0000
__Hpowerup                powerup      0000
__Hram                    ram          0000
__Hreset_vec              reset_vec    0000
__Hsfr0                   sfr0         0000
__Hsfr1                   sfr1         0000
__Hsfr2                   sfr2         0000
__Hsfr3                   sfr3         0000
__Hspace_0                (abs)        1000
__Hspace_1                (abs)        00AA
__Hspace_2                (abs)        0000
__Hspace_3                (abs)        0000
__Hstack                  stack        0000
__Hstrings                strings      0000
__Htext                   text         0000
__Labs1                   abs1         0000
__Lbank0                  bank0        0000
__Lbank1                  bank1        0000
__Lbank2                  bank2        0000
__Lbank3                  bank3        0000
__Lcinit                  cinit        07FC
__Lclrtext                clrtext      0000
__Lcode                   code         0000
__Lcommon                 common       0000
__Lconfig                 config       0000
__LcstackBANK0            cstackBANK0  0000
__LcstackBANK1            cstackBANK1  0000
__LcstackCOMMON           cstackCOMMON 0000
__Leeprom_data            eeprom_data  0000
__Lend_init               end_init     0000
__Lfunctab                functab      0000
__Lidloc                  idloc        0000
__Linit                   init         0000
__Lintentry               intentry     0000
__Lmaintext               maintext     0000
__Lpowerup                powerup      0000
__Lram                    ram          0000
__Lreset_vec              reset_vec    0000
__Lsfr0                   sfr0         0000
__Lsfr1                   sfr1         0000
__Lsfr2                   sfr2         0000
__Lsfr3                   sfr3         0000
__Lspace_0                (abs)        0000
__Lspace_1                (abs)        0000
__Lspace_2                (abs)        0000
__Lspace_3                (abs)        0000
__Lstack                  stack        0000
__Lstrings                strings      0000
__Ltext                   text         0000
__S0                      (abs)        1000
__S1                      (abs)        00AA
__S2                      (abs)        0000
__S3                      (abs)        0000
__Umul8_16                text9        0C85
__Umul8_16@multiplicand   cstackCOMMON 0070
__Umul8_16@multiplier     cstackCOMMON 0078
__Umul8_16@product        cstackCOMMON 0074
__Umul8_16@word_mpld      cstackCOMMON 0076
___awdiv                  text13       0D2F
___awdiv@counter          cstackCOMMON 0075
___awdiv@dividend         cstackCOMMON 0072
___awdiv@divisor          cstackCOMMON 0070
___awdiv@quotient         cstackCOMMON 0077
___awdiv@sign             cstackCOMMON 0076
___awmod                  text12       0CD6
___awmod@counter          cstackCOMMON 0075
___awmod@dividend         cstackCOMMON 0072
___awmod@divisor          cstackCOMMON 0070
___awmod@sign             cstackCOMMON 0076
___fladd                  text7        0203
___fladd@a                cstackCOMMON 0074
___fladd@aexp             cstackCOMMON 0079
___fladd@b                cstackCOMMON 0070
___fladd@bexp             cstackCOMMON 007A
___fladd@grs              cstackCOMMON 007B
___fladd@signs            cstackCOMMON 0078
___flge                   text1        0EA5
___flge@ff1               cstackCOMMON 0070
___flge@ff2               cstackCOMMON 0074
___flmul                  text8        049B
___flmul@a                cstackBANK0  004B
___flmul@aexp             cstackBANK0  0059
___flmul@b                cstackBANK0  0047
___flmul@bexp             cstackBANK0  005A
___flmul@grs              cstackBANK0  0055
___flmul@prod             cstackBANK0  005B
___flmul@sign             cstackBANK0  0054
___flmul@temp             cstackBANK0  005F
___flsub                  text6        0C3C
___flsub@a                cstackBANK0  0028
___flsub@b                cstackBANK0  002C
___fltol                  text5        0D96
___fltol@exp1             cstackCOMMON 007D
___fltol@f1               cstackBANK0  0030
___fltol@sign1            cstackCOMMON 007C
___int_sp                 stack        0000
___latbits                (abs)        0002
___sp                     stack        0000
___stackhi                (abs)        0000
___stacklo                (abs)        0000
___wmul                   text11       0C60
___wmul@multiplicand      cstackCOMMON 0072
___wmul@multiplier        cstackCOMMON 0070
___wmul@product           cstackCOMMON 0074
___xxtofl                 text4        0041
___xxtofl@arg             cstackBANK0  0043
___xxtofl@exp             cstackBANK0  0042
___xxtofl@sign            cstackBANK0  0041
___xxtofl@val             cstackBANK0  0039
__end_of_ADC_Init         text18       0C1C
__end_of_ADC_Read         text17       0CD6
__end_of_Lcd_Clear        text15       0C29
__end_of_Lcd_Cmd          text16       0C3C
__end_of_Lcd_Print_Char   text14       0016
__end_of_Lcd_Print_Float  text3        1000
__end_of_Lcd_Print_Num    text10       0EA5
__end_of_Lcd_Start        text2        0041
__end_of__Umul8_16        text9        0CAC
__end_of___awdiv          text13       0D96
__end_of___awmod          text12       0D2F
__end_of___fladd          text7        049B
__end_of___flge           text1        0F47
__end_of___flmul          text8        07FC
__end_of___flsub          text6        0C60
__end_of___fltol          text5        0E12
__end_of___wmul           text11       0C85
__end_of___xxtofl         text4        00FD
__end_of__initialization  cinit        07FC
__end_of_main             maintext     0203
__initialization          cinit        07FC
__pcstackBANK0            cstackBANK0  0020
__pcstackBANK1            cstackBANK1  00A0
__pcstackCOMMON           cstackCOMMON 0070
__pmaintext               maintext     00FD
__ptext1                  text1        0EA5
__ptext10                 text10       0E12
__ptext11                 text11       0C60
__ptext12                 text12       0CD6
__ptext13                 text13       0D2F
__ptext14                 text14       0003
__ptext15                 text15       0C1C
__ptext16                 text16       0C29
__ptext17                 text17       0CAC
__ptext18                 text18       0C13
__ptext2                  text2        0016
__ptext3                  text3        0F47
__ptext4                  text4        0041
__ptext5                  text5        0D96
__ptext6                  text6        0C3C
__ptext7                  text7        0203
__ptext8                  text8        049B
__ptext9                  text9        0C85
__size_of_ADC_Init        (abs)        0000
__size_of_ADC_Read        (abs)        0000
__size_of_Lcd_Clear       (abs)        0000
__size_of_Lcd_Cmd         (abs)        0000
__size_of_Lcd_Print_Char  (abs)        0000
__size_of_Lcd_Print_Float (abs)        0000
__size_of_Lcd_Print_Num   (abs)        0000
__size_of_Lcd_Start       (abs)        0000
__size_of__Umul8_16       (abs)        0000
__size_of___awdiv         (abs)        0000
__size_of___awmod         (abs)        0000
__size_of___fladd         (abs)        0000
__size_of___flge          (abs)        0000
__size_of___flmul         (abs)        0000
__size_of___flsub         (abs)        0000
__size_of___fltol         (abs)        0000
__size_of___wmul          (abs)        0000
__size_of___xxtofl        (abs)        0000
__size_of_main            (abs)        0000
_main                     maintext     00FD
_main$695                 cstackBANK1  00A0
btemp                     (abs)        007E
end_of_initialization     cinit        07FC
intlevel0                 functab      0000
intlevel1                 functab      0000
intlevel2                 functab      0000
intlevel3                 functab      0000
intlevel4                 functab      0000
intlevel5                 functab      0000
main@adc                  cstackBANK1  00A4
main@input                cstackBANK1  00A6
reset_vec                 reset_vec    0000
start                     init         0000
start_initialization      cinit        07FC
wtemp0                    (abs)        007E


FUNCTION INFORMATION:

 *************** function _main *****************
 Defined at:
		line 97 in file "main.c"
 Parameters:    Size  Location     Type
		None
 Auto vars:     Size  Location     Type
  input           4    6[BANK1 ] float 
  adc             2    4[BANK1 ] int 
 Return value:  Size  Location     Type
                  2   67[None  ] int 
 Registers used:
		wreg, status,2, status,0, btemp+1, pclath, cstack
 Tracked objects:
		On entry : 
		On exit  : 
		Unchanged: 
 Data sizes:     COMMON   BANK0   BANK1   BANK3   BANK2
      Params:         0       0       0       0       0
      Locals:         0       0      10       0       0
      Temps:          0       0       0       0       0
      Totals:         0       0      10       0       0
Total ram usage:       10 bytes
 Hardware stack levels required when called:    3
 This function calls:
		_ADC_Init
		_ADC_Read
		_Lcd_Clear
		_Lcd_Print_Float
		_Lcd_Start
		___flge
		___flmul
		___xxtofl
 This function is called by:
		Startup code after reset
 This function uses a non-reentrant model


 *************** function ___flge *****************
 Defined at:
		line 4 in file "G:\Softwares\XC8\pic\sources\c90\common\flge.c"
 Parameters:    Size  Location     Type
  ff1             4    0[COMMON] int 
  ff2             4    4[COMMON] int 
 Auto vars:     Size  Location     Type
		None
 Return value:  Size  Location     Type
		None               void
 Registers used:
		wreg, status,2, status,0
 Tracked objects:
		On entry : 
		On exit  : 
		Unchanged: 
 Data sizes:     COMMON   BANK0   BANK1   BANK3   BANK2
      Params:         8       0       0       0       0
      Locals:         0       0       0       0       0
      Temps:          4       0       0       0       0
      Totals:        12       0       0       0       0
Total ram usage:       12 bytes
 Hardware stack levels used:    1
 This function calls:
		Nothing
 This function is called by:
		_main
 This function uses a non-reentrant model


 *************** function _Lcd_Start *****************
 Defined at:
		line 47 in file "main.c"
 Parameters:    Size  Location     Type
		None
 Auto vars:     Size  Location     Type
		None
 Return value:  Size  Location     Type
                  1    wreg      void 
 Registers used:
		wreg, status,2, status,0, pclath, cstack
 Tracked objects:
		On entry : 
		On exit  : 
		Unchanged: 
 Data sizes:     COMMON   BANK0   BANK1   BANK3   BANK2
      Params:         0       0       0       0       0
      Locals:         0       0       0       0       0
      Temps:          0       0       0       0       0
      Totals:         0       0       0       0       0
Total ram usage:        0 bytes
 Hardware stack levels used:    1
 Hardware stack levels required when called:    1
 This function calls:
		_Lcd_Cmd
 This function is called by:
		_main
 This function uses a non-reentrant model


 *************** function _Lcd_Print_Float *****************
 Defined at:
		line 89 in file "main.c"
 Parameters:    Size  Location     Type
  value           4   65[BANK0 ] void 
 Auto vars:     Size  Location     Type
  integer         4   73[BANK0 ] void 
  decimal         4   69[BANK0 ] void 
 Return value:  Size  Location     Type
                  1    wreg      void 
 Registers used:
		wreg, status,2, status,0, btemp+1, pclath, cstack
 Tracked objects:
		On entry : 
		On exit  : 
		Unchanged: 
 Data sizes:     COMMON   BANK0   BANK1   BANK3   BANK2
      Params:         0       4       0       0       0
      Locals:         0       8       0       0       0
      Temps:          0       0       0       0       0
      Totals:         0      12       0       0       0
Total ram usage:       12 bytes
 Hardware stack levels used:    1
 Hardware stack levels required when called:    2
 This function calls:
		_Lcd_Print_Char
		_Lcd_Print_Num
		___flmul
		___flsub
		___fltol
		___xxtofl
 This function is called by:
		_main
 This function uses a non-reentrant model


 *************** function ___xxtofl *****************
 Defined at:
		line 10 in file "G:\Softwares\XC8\pic\sources\c90\common\xxtofl.c"
 Parameters:    Size  Location     Type
  sign            1    wreg     unsigned char 
  val             4   25[BANK0 ] long 
 Auto vars:     Size  Location     Type
  sign            1   33[BANK0 ] unsigned char 
  arg             4   35[BANK0 ] unsigned long 
  exp             1   34[BANK0 ] unsigned char 
 Return value:  Size  Location     Type
                  4   25[BANK0 ] unsigned char 
 Registers used:
		wreg, status,2, status,0
 Tracked objects:
		On entry : 
		On exit  : 
		Unchanged: 
 Data sizes:     COMMON   BANK0   BANK1   BANK3   BANK2
      Params:         0       4       0       0       0
      Locals:         0       6       0       0       0
      Temps:          0       4       0       0       0
      Totals:         0      14       0       0       0
Total ram usage:       14 bytes
 Hardware stack levels used:    1
 This function calls:
		Nothing
 This function is called by:
		_Lcd_Print_Float
		_main
 This function uses a non-reentrant model


 *************** function ___fltol *****************
 Defined at:
		line 43 in file "G:\Softwares\XC8\pic\sources\c90\common\fltol.c"
 Parameters:    Size  Location     Type
  f1              4   16[BANK0 ] unsigned char 
 Auto vars:     Size  Location     Type
  exp1            1   13[COMMON] unsigned char 
  sign1           1   12[COMMON] unsigned char 
 Return value:  Size  Location     Type
                  4   16[BANK0 ] long 
 Registers used:
		wreg, status,2, status,0
 Tracked objects:
		On entry : 
		On exit  : 
		Unchanged: 
 Data sizes:     COMMON   BANK0   BANK1   BANK3   BANK2
      Params:         0       4       0       0       0
      Locals:         2       0       0       0       0
      Temps:          0       5       0       0       0
      Totals:         2       9       0       0       0
Total ram usage:       11 bytes
 Hardware stack levels used:    1
 This function calls:
		Nothing
 This function is called by:
		_Lcd_Print_Float
 This function uses a non-reentrant model


 *************** function ___flsub *****************
 Defined at:
		line 242 in file "G:\Softwares\XC8\pic\sources\c90\common\sprcadd.c"
 Parameters:    Size  Location     Type
  a               4    8[BANK0 ] long 
  b               4   12[BANK0 ] long 
 Auto vars:     Size  Location     Type
		None
 Return value:  Size  Location     Type
                  4    8[BANK0 ] long 
 Registers used:
		wreg, status,2, status,0, btemp+1, pclath, cstack
 Tracked objects:
		On entry : 
		On exit  : 
		Unchanged: 
 Data sizes:     COMMON   BANK0   BANK1   BANK3   BANK2
      Params:         0       8       0       0       0
      Locals:         0       0       0       0       0
      Temps:          0       0       0       0       0
      Totals:         0       8       0       0       0
Total ram usage:        8 bytes
 Hardware stack levels used:    1
 Hardware stack levels required when called:    1
 This function calls:
		___fladd
 This function is called by:
		_Lcd_Print_Float
 This function uses a non-reentrant model


 *************** function ___fladd *****************
 Defined at:
		line 10 in file "G:\Softwares\XC8\pic\sources\c90\common\sprcadd.c"
 Parameters:    Size  Location     Type
  b               4    0[COMMON] long 
  a               4    4[COMMON] long 
 Auto vars:     Size  Location     Type
  grs             1   11[COMMON] unsigned char 
  bexp            1   10[COMMON] unsigned char 
  aexp            1    9[COMMON] unsigned char 
  signs           1    8[COMMON] unsigned char 
 Return value:  Size  Location     Type
                  4    0[COMMON] unsigned char 
 Registers used:
		wreg, status,2, status,0, btemp+1
 Tracked objects:
		On entry : 
		On exit  : 
		Unchanged: 
 Data sizes:     COMMON   BANK0   BANK1   BANK3   BANK2
      Params:         8       0       0       0       0
      Locals:         4       0       0       0       0
      Temps:          0       8       0       0       0
      Totals:        12       8       0       0       0
Total ram usage:       20 bytes
 Hardware stack levels used:    1
 This function calls:
		Nothing
 This function is called by:
		___flsub
 This function uses a non-reentrant model


 *************** function ___flmul *****************
 Defined at:
		line 8 in file "G:\Softwares\XC8\pic\sources\c90\common\sprcmul.c"
 Parameters:    Size  Location     Type
  b               4   39[BANK0 ] unsigned char 
  a               4   43[BANK0 ] unsigned char 
 Auto vars:     Size  Location     Type
  prod            4   59[BANK0 ] struct .
  grs             4   53[BANK0 ] unsigned long 
  temp            2   63[BANK0 ] struct .
  bexp            1   58[BANK0 ] unsigned char 
  aexp            1   57[BANK0 ] unsigned char 
  sign            1   52[BANK0 ] unsigned char 
 Return value:  Size  Location     Type
                  4   39[BANK0 ] unsigned char 
 Registers used:
		wreg, status,2, status,0, btemp+1, pclath, cstack
 Tracked objects:
		On entry : 
		On exit  : 
		Unchanged: 
 Data sizes:     COMMON   BANK0   BANK1   BANK3   BANK2
      Params:         0       8       0       0       0
      Locals:         0      13       0       0       0
      Temps:          0       5       0       0       0
      Totals:         0      26       0       0       0
Total ram usage:       26 bytes
 Hardware stack levels used:    1
 Hardware stack levels required when called:    1
 This function calls:
		__Umul8_16
 This function is called by:
		_Lcd_Print_Float
		_main
 This function uses a non-reentrant model


 *************** function __Umul8_16 *****************
 Defined at:
		line 4 in file "G:\Softwares\XC8\pic\sources\c90\common\Umul8_16.c"
 Parameters:    Size  Location     Type
  multiplier      1    wreg     unsigned char 
  multiplicand    1    0[COMMON] unsigned char 
 Auto vars:     Size  Location     Type
  multiplier      1    8[COMMON] unsigned char 
  word_mpld       2    6[COMMON] unsigned int 
  product         2    4[COMMON] unsigned int 
 Return value:  Size  Location     Type
                  2    0[COMMON] unsigned int 
 Registers used:
		wreg, status,2, status,0
 Tracked objects:
		On entry : 
		On exit  : 
		Unchanged: 
 Data sizes:     COMMON   BANK0   BANK1   BANK3   BANK2
      Params:         2       0       0       0       0
      Locals:         5       0       0       0       0
      Temps:          2       0       0       0       0
      Totals:         9       0       0       0       0
Total ram usage:        9 bytes
 Hardware stack levels used:    1
 This function calls:
		Nothing
 This function is called by:
		___flmul
 This function uses a non-reentrant model


 *************** function _Lcd_Print_Num *****************
 Defined at:
		line 74 in file "main.c"
 Parameters:    Size  Location     Type
  num             2   25[BANK0 ] int 
 Auto vars:     Size  Location     Type
  rem             2   27[BANK0 ] int 
  reverse         2   31[BANK0 ] int 
  temp            2   29[BANK0 ] int 
 Return value:  Size  Location     Type
                  1    wreg      void 
 Registers used:
		wreg, status,2, status,0, btemp+1, pclath, cstack
 Tracked objects:
		On entry : 
		On exit  : 
		Unchanged: 
 Data sizes:     COMMON   BANK0   BANK1   BANK3   BANK2
      Params:         0       2       0       0       0
      Locals:         0       6       0       0       0
      Temps:          0       0       0       0       0
      Totals:         0       8       0       0       0
Total ram usage:        8 bytes
 Hardware stack levels used:    1
 Hardware stack levels required when called:    1
 This function calls:
		_Lcd_Print_Char
		___awdiv
		___awmod
		___wmul
 This function is called by:
		_Lcd_Print_Float
 This function uses a non-reentrant model


 *************** function ___wmul *****************
 Defined at:
		line 15 in file "G:\Softwares\XC8\pic\sources\c90\common\Umul16.c"
 Parameters:    Size  Location     Type
  multiplier      2    0[COMMON] unsigned int 
  multiplicand    2    2[COMMON] unsigned int 
 Auto vars:     Size  Location     Type
  product         2    4[COMMON] unsigned int 
 Return value:  Size  Location     Type
                  2    0[COMMON] unsigned int 
 Registers used:
		wreg, status,2, status,0
 Tracked objects:
		On entry : 
		On exit  : 
		Unchanged: 
 Data sizes:     COMMON   BANK0   BANK1   BANK3   BANK2
      Params:         4       0       0       0       0
      Locals:         2       0       0       0       0
      Temps:          0       0       0       0       0
      Totals:         6       0       0       0       0
Total ram usage:        6 bytes
 Hardware stack levels used:    1
 This function calls:
		Nothing
 This function is called by:
		_Lcd_Print_Num
 This function uses a non-reentrant model


 *************** function ___awmod *****************
 Defined at:
		line 5 in file "G:\Softwares\XC8\pic\sources\c90\common\awmod.c"
 Parameters:    Size  Location     Type
  divisor         2    0[COMMON] int 
  dividend        2    2[COMMON] int 
 Auto vars:     Size  Location     Type
  sign            1    6[COMMON] unsigned char 
  counter         1    5[COMMON] unsigned char 
 Return value:  Size  Location     Type
                  2    0[COMMON] int 
 Registers used:
		wreg, status,2, status,0
 Tracked objects:
		On entry : 
		On exit  : 
		Unchanged: 
 Data sizes:     COMMON   BANK0   BANK1   BANK3   BANK2
      Params:         4       0       0       0       0
      Locals:         2       0       0       0       0
      Temps:          1       0       0       0       0
      Totals:         7       0       0       0       0
Total ram usage:        7 bytes
 Hardware stack levels used:    1
 This function calls:
		Nothing
 This function is called by:
		_Lcd_Print_Num
 This function uses a non-reentrant model


 *************** function ___awdiv *****************
 Defined at:
		line 5 in file "G:\Softwares\XC8\pic\sources\c90\common\awdiv.c"
 Parameters:    Size  Location     Type
  divisor         2    0[COMMON] int 
  dividend        2    2[COMMON] int 
 Auto vars:     Size  Location     Type
  quotient        2    7[COMMON] int 
  sign            1    6[COMMON] unsigned char 
  counter         1    5[COMMON] unsigned char 
 Return value:  Size  Location     Type
                  2    0[COMMON] int 
 Registers used:
		wreg, status,2, status,0
 Tracked objects:
		On entry : 
		On exit  : 
		Unchanged: 
 Data sizes:     COMMON   BANK0   BANK1   BANK3   BANK2
      Params:         4       0       0       0       0
      Locals:         4       0       0       0       0
      Temps:          1       0       0       0       0
      Totals:         9       0       0       0       0
Total ram usage:        9 bytes
 Hardware stack levels used:    1
 This function calls:
		Nothing
 This function is called by:
		_Lcd_Print_Num
 This function uses a non-reentrant model


 *************** function _Lcd_Print_Char *****************
 Defined at:
		line 58 in file "main.c"
 Parameters:    Size  Location     Type
  data            1    wreg     unsigned char 
 Auto vars:     Size  Location     Type
  data            1    2[COMMON] unsigned char 
 Return value:  Size  Location     Type
                  1    wreg      void 
 Registers used:
		wreg
 Tracked objects:
		On entry : 
		On exit  : 
		Unchanged: 
 Data sizes:     COMMON   BANK0   BANK1   BANK3   BANK2
      Params:         0       0       0       0       0
      Locals:         1       0       0       0       0
      Temps:          2       0       0       0       0
      Totals:         3       0       0       0       0
Total ram usage:        3 bytes
 Hardware stack levels used:    1
 This function calls:
		Nothing
 This function is called by:
		_Lcd_Print_Num
		_Lcd_Print_Float
		_Lcd_Print_String
 This function uses a non-reentrant model


 *************** function _Lcd_Clear *****************
 Defined at:
		line 41 in file "main.c"
 Parameters:    Size  Location     Type
		None
 Auto vars:     Size  Location     Type
		None
 Return value:  Size  Location     Type
                  2   40[None  ] int 
 Registers used:
		wreg, status,2, status,0, pclath, cstack
 Tracked objects:
		On entry : 
		On exit  : 
		Unchanged: 
 Data sizes:     COMMON   BANK0   BANK1   BANK3   BANK2
      Params:         0       0       0       0       0
      Locals:         0       0       0       0       0
      Temps:          0       0       0       0       0
      Totals:         0       0       0       0       0
Total ram usage:        0 bytes
 Hardware stack levels used:    1
 Hardware stack levels required when called:    1
 This function calls:
		_Lcd_Cmd
 This function is called by:
		_main
 This function uses a non-reentrant model


 *************** function _Lcd_Cmd *****************
 Defined at:
		line 32 in file "main.c"
 Parameters:    Size  Location     Type
  a               1    wreg     unsigned char 
 Auto vars:     Size  Location     Type
  a               1    2[COMMON] unsigned char 
 Return value:  Size  Location     Type
                  1    wreg      void 
 Registers used:
		wreg
 Tracked objects:
		On entry : 
		On exit  : 
		Unchanged: 
 Data sizes:     COMMON   BANK0   BANK1   BANK3   BANK2
      Params:         0       0       0       0       0
      Locals:         1       0       0       0       0
      Temps:          2       0       0       0       0
      Totals:         3       0       0       0       0
Total ram usage:        3 bytes
 Hardware stack levels used:    1
 This function calls:
		Nothing
 This function is called by:
		_Lcd_Clear
		_Lcd_Start
 This function uses a non-reentrant model


 *************** function _ADC_Read *****************
 Defined at:
		line 23 in file "main.c"
 Parameters:    Size  Location     Type
  channel         1    wreg     unsigned char 
 Auto vars:     Size  Location     Type
  channel         1    4[COMMON] unsigned char 
 Return value:  Size  Location     Type
                  2    0[COMMON] int 
 Registers used:
		wreg, status,2, status,0
 Tracked objects:
		On entry : 
		On exit  : 
		Unchanged: 
 Data sizes:     COMMON   BANK0   BANK1   BANK3   BANK2
      Params:         2       0       0       0       0
      Locals:         1       0       0       0       0
      Temps:          2       0       0       0       0
      Totals:         5       0       0       0       0
Total ram usage:        5 bytes
 Hardware stack levels used:    1
 This function calls:
		Nothing
 This function is called by:
		_main
 This function uses a non-reentrant model


 *************** function _ADC_Init *****************
 Defined at:
		line 18 in file "main.c"
 Parameters:    Size  Location     Type
		None
 Auto vars:     Size  Location     Type
		None
 Return value:  Size  Location     Type
                  1    wreg      void 
 Registers used:
		wreg
 Tracked objects:
		On entry : 
		On exit  : 
		Unchanged: 
 Data sizes:     COMMON   BANK0   BANK1   BANK3   BANK2
      Params:         0       0       0       0       0
      Locals:         0       0       0       0       0
      Temps:          0       0       0       0       0
      Totals:         0       0       0       0       0
Total ram usage:        0 bytes
 Hardware stack levels used:    1
 This function calls:
		Nothing
 This function is called by:
		_main
 This function uses a non-reentrant model



MODULE INFORMATION

Module		Function		Class		Link	Load	Size
G:\Softwares\XC8\pic\sources\c90\common\awdiv.c
		___awdiv       		CODE           	0D2F	0000	104

G:\Softwares\XC8\pic\sources\c90\common\awdiv.c estimated size: 104

G:\Softwares\XC8\pic\sources\c90\common\xxtofl.c
		___xxtofl      		CODE           	0041	0000	189

G:\Softwares\XC8\pic\sources\c90\common\xxtofl.c estimated size: 189

G:\Softwares\XC8\pic\sources\c90\common\sprcadd.c
		___flsub       		CODE           	0C3C	0000	37
		___fladd       		CODE           	0203	0000	665

G:\Softwares\XC8\pic\sources\c90\common\sprcadd.c estimated size: 702

G:\Softwares\XC8\pic\sources\c90\common\flge.c
		___flge        		CODE           	0EA5	0000	163

G:\Softwares\XC8\pic\sources\c90\common\flge.c estimated size: 163

shared
		__initialization		CODE           	07FC	0000	1

shared estimated size: 1

G:\Softwares\XC8\pic\sources\c90\common\awmod.c
		___awmod       		CODE           	0CD6	0000	90

G:\Softwares\XC8\pic\sources\c90\common\awmod.c estimated size: 90

G:\Softwares\XC8\pic\sources\c90\common\sprcmul.c
		___flmul       		CODE           	049B	0000	866

G:\Softwares\XC8\pic\sources\c90\common\sprcmul.c estimated size: 866

G:\Softwares\XC8\pic\sources\c90\common\Umul16.c
		___wmul        		CODE           	0C60	0000	38

G:\Softwares\XC8\pic\sources\c90\common\Umul16.c estimated size: 38

G:\Softwares\XC8\pic\sources\c90\common\Umul8_16.c
		__Umul8_16     		CODE           	0C85	0000	40

G:\Softwares\XC8\pic\sources\c90\common\Umul8_16.c estimated size: 40

G:\Softwares\XC8\pic\sources\c90\common\fltol.c
		___fltol       		CODE           	0D96	0000	125

G:\Softwares\XC8\pic\sources\c90\common\fltol.c estimated size: 125

main.c
		_Lcd_Print_Float		CODE           	0F47	0000	186
		_main          		CODE           	00FD	0000	263
		_Lcd_Cmd       		CODE           	0C29	0000	20
		_Lcd_Start     		CODE           	0016	0000	44
		_Lcd_Clear     		CODE           	0C1C	0000	14
		_Lcd_Print_Num 		CODE           	0E12	0000	148
		_ADC_Read      		CODE           	0CAC	0000	43
		_ADC_Init      		CODE           	0C13	0000	10
		_Lcd_Print_Char		CODE           	0003	0000	20

main.c estimated size: 748

